
> ajrvis-backend@1.0.0 test
> jest

FAIL src/orchestrator/orchestrator.service.test.js
  ● Console

    console.warn
      GEMINI_API_KEY is not set in .env. Gemini Fallbacks disabled.

      20 |             this.geminiFlash = this.genAI.getGenerativeModel({ model: "gemini-1.5-flash" });
      21 |         } else {
    > 22 |             console.warn('GEMINI_API_KEY is not set in .env. Gemini Fallbacks disabled.');
         |                     ^
      23 |         }
      24 |
      25 |         // Initialize Claude

      at new warn (src/llm/llm.service.js:22:21)
      at Object.<anonymous> (src/llm/llm.service.js:323:18)
      at Object.require (src/orchestrator/orchestrator.service.js:3:13)
      at Object.require (src/orchestrator/orchestrator.service.test.js:5:22)

    console.warn
      ANTHROPIC_API_KEY is not set. Claude Engine disabled.

      29 |             this.claudeHaiku = process.env.CLAUDE_HAIKU_ID || "claude-3-haiku-20240307";
      30 |         } else {
    > 31 |             console.warn('ANTHROPIC_API_KEY is not set. Claude Engine disabled.');
         |                     ^
      32 |         }
      33 |     }
      34 |

      at new warn (src/llm/llm.service.js:31:21)
      at Object.<anonymous> (src/llm/llm.service.js:323:18)
      at Object.require (src/orchestrator/orchestrator.service.js:3:13)
      at Object.require (src/orchestrator/orchestrator.service.test.js:5:22)

    console.log
      [Orchestrator] Processing message from 1234567890

      at Orchestrator.log [as _routeMessageInternal] (src/orchestrator/orchestrator.service.js:20:17)

    console.log
      [Orchestrator] Final Intent parsed: {
        "intents": [
          {
            "intent": "conversational",
            "confidence": 1,
            "language": "en"
          }
        ]
      }

      at Orchestrator.log [as _routeMessageInternal] (src/orchestrator/orchestrator.service.js:94:17)

    console.log
      [Orchestrator] 📥 Processing response for background state: create_task

      at Orchestrator.log [as _routeMessageInternal] (src/orchestrator/orchestrator.service.js:117:25)

    console.log
      [Orchestrator] Final Intent parsed: {
        "intent": "create_task",
        "confidence": 1,
        "language": "en",
        "entities": {
          "priority": "high",
          "title": "Buy milk"
        }
      }

      at Orchestrator.log [as _routeMessageInternal] (src/orchestrator/orchestrator.service.js:137:17)

    console.error
      [KG Retrieval] Retrieval engine failure: TypeError: supabase.from(...).select(...).eq(...).eq(...).single is not a function
          at KnowledgeGraphRetrievalService.single [as getFactContextForPrompt] (/Users/mohitgupta/Desktop/Learning & Development/AI Agent Feb 15/backend/src/knowledge/kg-retrieval.service.js:24:18)
          at Orchestrator.getFactContextForPrompt [as _routeMessageInternal] (/Users/mohitgupta/Desktop/Learning & Development/AI Agent Feb 15/backend/src/orchestrator/orchestrator.service.js:141:45)
          at Object.<anonymous> (/Users/mohitgupta/Desktop/Learning & Development/AI Agent Feb 15/backend/src/orchestrator/orchestrator.service.test.js:84:9)

      80 |
      81 |         } catch (e) {
    > 82 |             console.error('[KG Retrieval] Retrieval engine failure:', e);
         |                     ^
      83 |             return ""; // Fallback gracefully if database fails
      84 |         }
      85 |     }

      at KnowledgeGraphRetrievalService.error [as getFactContextForPrompt] (src/knowledge/kg-retrieval.service.js:82:21)
      at Orchestrator.getFactContextForPrompt [as _routeMessageInternal] (src/orchestrator/orchestrator.service.js:141:45)
      at Object.<anonymous> (src/orchestrator/orchestrator.service.test.js:84:9)

    console.log
      [Response -> 1234567890]: Noted. Task "Buy milk" created.

      at Orchestrator.log [as _routeMessageInternal] (src/orchestrator/orchestrator.service.js:337:17)

    console.log
      [Orchestrator] Processing message from 1234567890

      at Orchestrator.log [as _routeMessageInternal] (src/orchestrator/orchestrator.service.js:20:17)

    console.log
      [Orchestrator] Final Intent parsed: {
        "intents": [
          {
            "intent": "conversational",
            "confidence": 1,
            "language": "en"
          }
        ]
      }

      at Orchestrator.log [as _routeMessageInternal] (src/orchestrator/orchestrator.service.js:94:17)

    console.log
      [Orchestrator] Final Intent parsed: {
        "intents": [
          {
            "intent": "conversational",
            "confidence": 1,
            "language": "en"
          }
        ]
      }

      at Orchestrator.log [as _routeMessageInternal] (src/orchestrator/orchestrator.service.js:137:17)

    console.error
      [KG Retrieval] Retrieval engine failure: TypeError: supabase.from(...).select(...).eq(...).eq(...).single is not a function
          at KnowledgeGraphRetrievalService.single [as getFactContextForPrompt] (/Users/mohitgupta/Desktop/Learning & Development/AI Agent Feb 15/backend/src/knowledge/kg-retrieval.service.js:24:18)
          at Orchestrator.getFactContextForPrompt [as _routeMessageInternal] (/Users/mohitgupta/Desktop/Learning & Development/AI Agent Feb 15/backend/src/orchestrator/orchestrator.service.js:141:45)
          at Object.<anonymous> (/Users/mohitgupta/Desktop/Learning & Development/AI Agent Feb 15/backend/src/orchestrator/orchestrator.service.test.js:112:9)

      80 |
      81 |         } catch (e) {
    > 82 |             console.error('[KG Retrieval] Retrieval engine failure:', e);
         |                     ^
      83 |             return ""; // Fallback gracefully if database fails
      84 |         }
      85 |     }

      at KnowledgeGraphRetrievalService.error [as getFactContextForPrompt] (src/knowledge/kg-retrieval.service.js:82:21)
      at Orchestrator.getFactContextForPrompt [as _routeMessageInternal] (src/orchestrator/orchestrator.service.js:141:45)
      at Object.<anonymous> (src/orchestrator/orchestrator.service.test.js:112:9)

    console.log
      [Orchestrator] Engaging Generative Conversational Fallback...

      at Orchestrator.log [as _routeMessageInternal] (src/orchestrator/orchestrator.service.js:327:25)

    console.log
      [Response -> 1234567890]: Hello!

      at Orchestrator.log [as _routeMessageInternal] (src/orchestrator/orchestrator.service.js:337:17)

  ● Orchestrator Service - Bug Fix Verification › Bug 5: Reconstructs intent from conversation_state lock

    expect(jest.fn()).not.toHaveBeenCalled()

    Expected number of calls: 0
    Received number of calls: 1

    1: "Buy milk", {"name": "Mohit"}

      85 |
      86 |         // Verify LLM was bypassed for classification
    > 87 |         expect(llm.classifyIntent).not.toHaveBeenCalled();
         |                                        ^
      88 |         
      89 |         // Verify state was cleared in DB
      90 |         expect(db.supabase.update).toHaveBeenCalledWith({ conversation_state: null });

      at Object.toHaveBeenCalled (src/orchestrator/orchestrator.service.test.js:87:40)

FAIL src/gateway/telegram.controller.test.js
  ● Console

    console.log
      Received Telegram message: Hello

      at Object.log [as receiveMessage] (src/gateway/telegram.controller.js:88:21)

    console.error
      Error processing Telegram webhook payload: Error: Simulated Crash
          at Object.<anonymous> (/Users/mohitgupta/Desktop/Learning & Development/AI Agent Feb 15/backend/src/gateway/telegram.controller.test.js:48:53)
          at Promise.finally.completed (/Users/mohitgupta/Desktop/Learning & Development/AI Agent Feb 15/backend/node_modules/jest-circus/build/jestAdapterInit.js:1557:28)
          at new Promise (<anonymous>)
          at callAsyncCircusFn (/Users/mohitgupta/Desktop/Learning & Development/AI Agent Feb 15/backend/node_modules/jest-circus/build/jestAdapterInit.js:1497:10)
          at _callCircusTest (/Users/mohitgupta/Desktop/Learning & Development/AI Agent Feb 15/backend/node_modules/jest-circus/build/jestAdapterInit.js:1007:40)
          at _runTest (/Users/mohitgupta/Desktop/Learning & Development/AI Agent Feb 15/backend/node_modules/jest-circus/build/jestAdapterInit.js:947:3)
          at /Users/mohitgupta/Desktop/Learning & Development/AI Agent Feb 15/backend/node_modules/jest-circus/build/jestAdapterInit.js:849:7
          at _runTestsForDescribeBlock (/Users/mohitgupta/Desktop/Learning & Development/AI Agent Feb 15/backend/node_modules/jest-circus/build/jestAdapterInit.js:862:11)
          at _runTestsForDescribeBlock (/Users/mohitgupta/Desktop/Learning & Development/AI Agent Feb 15/backend/node_modules/jest-circus/build/jestAdapterInit.js:857:11)
          at run (/Users/mohitgupta/Desktop/Learning & Development/AI Agent Feb 15/backend/node_modules/jest-circus/build/jestAdapterInit.js:761:3)
          at runAndTransformResultsToJestFormat (/Users/mohitgupta/Desktop/Learning & Development/AI Agent Feb 15/backend/node_modules/jest-circus/build/jestAdapterInit.js:1918:21)
          at jestAdapter (/Users/mohitgupta/Desktop/Learning & Development/AI Agent Feb 15/backend/node_modules/jest-circus/build/runner.js:101:19)
          at runTestInternal (/Users/mohitgupta/Desktop/Learning & Development/AI Agent Feb 15/backend/node_modules/jest-runner/build/index.js:275:16)
          at runTest (/Users/mohitgupta/Desktop/Learning & Development/AI Agent Feb 15/backend/node_modules/jest-runner/build/index.js:343:7)

      140 |         return res.status(200).json({ status: 'SUCCESS', message: responseText });
      141 |     } catch (error) {
    > 142 |         console.error('Error processing Telegram webhook payload:', error);
          |                 ^
      143 |         if (bot && req.body && req.body.message && req.body.message.chat) {
      144 |             try {
      145 |                 await bot.sendMessage(req.body.message.chat.id, "⚠️ Something went wrong on my end. Please try again.");

      at Object.error [as receiveMessage] (src/gateway/telegram.controller.js:142:17)
      at Object.<anonymous> (src/gateway/telegram.controller.test.js:62:9)

  ● Telegram Controller - Bug 4 Fallback Verification › Bug 4: Sends fallback message on Orchestrator failure (Polling)

    TypeError: Cannot read properties of undefined (reading '1')

      30 |
      31 |         // Find the 'message' event handler
    > 32 |         const messageHandler = mockOn.mock.calls.find(call => call[0] === 'message')[1];
         |                                                                                     ^
      33 |
      34 |         // Provide a more complete mock message to satisfy the normalizer
      35 |         const msg = { 

      at Object.<anonymous> (src/gateway/telegram.controller.test.js:32:85)

PASS src/school/school.service.test.js
PASS src/memory/memory.service.test.js
PASS src/shared/heuristics.service.test.js
  ● Console

    console.warn
      Supabase URL or Key is missing. Database operations will fail unless mocked.

      17 | } else {
      18 |     // For local dev when not running DB yet, we can mock it
    > 19 |     console.warn('Supabase URL or Key is missing. Database operations will fail unless mocked.');
         |             ^
      20 | }
      21 |
      22 | /**

      at Object.warn (src/shared/db.js:19:13)
      at Object.require (src/shared/heuristics.service.js:1:38)
      at Object.require (src/shared/heuristics.service.test.js:1:27)

PASS src/goals/goal.service.test.js
PASS src/tasks/task.service.test.js
PASS src/household/salary.service.test.js
PASS src/llm/llm.service.test.js
  ● Console

    console.warn
      GEMINI_API_KEY is not set in .env. Gemini Fallbacks disabled.

      20 |             this.geminiFlash = this.genAI.getGenerativeModel({ model: "gemini-1.5-flash" });
      21 |         } else {
    > 22 |             console.warn('GEMINI_API_KEY is not set in .env. Gemini Fallbacks disabled.');
         |                     ^
      23 |         }
      24 |
      25 |         // Initialize Claude

      at new warn (src/llm/llm.service.js:22:21)
      at Object.<anonymous> (src/llm/llm.service.js:323:18)
      at Object.require (src/llm/llm.service.test.js:1:20)

    console.warn
      ANTHROPIC_API_KEY is not set. Claude Engine disabled.

      29 |             this.claudeHaiku = process.env.CLAUDE_HAIKU_ID || "claude-3-haiku-20240307";
      30 |         } else {
    > 31 |             console.warn('ANTHROPIC_API_KEY is not set. Claude Engine disabled.');
         |                     ^
      32 |         }
      33 |     }
      34 |

      at new warn (src/llm/llm.service.js:31:21)
      at Object.<anonymous> (src/llm/llm.service.js:323:18)
      at Object.require (src/llm/llm.service.test.js:1:20)

PASS src/knowledge/kg-scanner.service.test.js
  ● Console

    console.log
      [KG Scanner] Flagged 1 facts to extraction queue for User user-1

      at KnowledgeGraphScannerService.log [as scanInboundMessage] (src/knowledge/kg-scanner.service.js:77:29)

PASS src/tasks/delegation.service.test.js
PASS src/tasks/task-query.service.test.js
PASS src/knowledge/kg-retrieval.service.test.js

Test Suites: 2 failed, 11 passed, 13 total
Tests:       2 failed, 33 passed, 35 total
Snapshots:   0 total
Time:        1.087 s
Ran all test suites.
Jest did not exit one second after the test run has completed.

'This usually means that there are asynchronous operations that weren't stopped in your tests. Consider running Jest with `--detectOpenHandles` to troubleshoot this issue.
